Watching for file changes with StatReloader
Not Found: /api/v1/
[17/Sep/2026 22:04:04] "GET /api/v1/ HTTP/1.1" 404 4106
/home/wayler/Desktop/timetable/.venv/lib/python3.13/site-packages/jwt/api_jwt.py:147: InsecureKeyLengthWarning: The HMAC key is 16 bytes long, which is below the minimum recommended length of 32 bytes for SHA256. See RFC 7518 Section 3.2.
  return self._jws.encode(
[17/Sep/2026 22:04:19] "POST /api/v1/auth/login/ HTTP/1.1" 200 844
/home/wayler/Desktop/timetable/.venv/lib/python3.13/site-packages/jwt/api_jwt.py:368: InsecureKeyLengthWarning: The HMAC key is 16 bytes long, which is below the minimum recommended length of 32 bytes for SHA256. See RFC 7518 Section 3.2.
  decoded = self.decode_complete(
[17/Sep/2026 22:04:19] "GET /api/v1/timetable/slots/?lecturer=72fa41a2-d70a-4b89-98dd-7e457d44de8d&page_size=5 HTTP/1.1" 200 3234
[17/Sep/2026 22:15:08] "OPTIONS /api/v1/auth/profile/ HTTP/1.1" 200 0
Unauthorized: /api/v1/auth/profile/
[17/Sep/2026 22:15:08] "GET /api/v1/auth/profile/ HTTP/1.1" 401 58
[17/Sep/2026 22:15:57] "OPTIONS /api/v1/auth/login/ HTTP/1.1" 200 0
Unauthorized: /api/v1/auth/login/
[17/Sep/2026 22:15:57] "POST /api/v1/auth/login/ HTTP/1.1" 401 33
[17/Sep/2026 22:16:27] "POST /api/v1/auth/login/ HTTP/1.1" 200 844
[17/Sep/2026 22:16:27] "OPTIONS /api/v1/auth/lecturer/profile/ HTTP/1.1" 200 0
[17/Sep/2026 22:16:27] "GET /api/v1/auth/lecturer/profile/ HTTP/1.1" 200 20885
[17/Sep/2026 22:16:44] "OPTIONS /api/v1/timetable/slots/?unit=766&page_size=200 HTTP/1.1" 200 0
[17/Sep/2026 22:16:44] "GET /api/v1/timetable/slots/?unit=766&page_size=200 HTTP/1.1" 200 35345
[17/Sep/2026 22:37:10] "OPTIONS /api/v1/timetable/slots/?unit=336&page_size=200 HTTP/1.1" 200 0
[17/Sep/2026 22:37:10] "GET /api/v1/timetable/slots/?unit=336&page_size=200 HTTP/1.1" 200 663
[17/Sep/2026 22:37:22] "OPTIONS /api/v1/timetable/slots/?unit=367&page_size=200 HTTP/1.1" 200 0
[17/Sep/2026 22:37:22] "GET /api/v1/timetable/slots/?unit=367&page_size=200 HTTP/1.1" 200 656
[17/Sep/2026 22:37:29] "OPTIONS /api/v1/timetable/slots/?unit=9&page_size=200 HTTP/1.1" 200 0
[17/Sep/2026 22:37:29] "GET /api/v1/timetable/slots/?unit=9&page_size=200 HTTP/1.1" 200 2516
[17/Sep/2026 22:46:49] "GET /api/v1/auth/profile/ HTTP/1.1" 200 271
[17/Sep/2026 22:46:50] "GET /api/v1/auth/lecturer/profile/ HTTP/1.1" 200 20932
Not Found: /api/v1/
[17/Sep/2026 22:49:51] "GET /api/v1/ HTTP/1.1" 404 4106
[17/Sep/2026 23:01:10] "GET /api/v1/auth/profile/ HTTP/1.1" 200 271
[17/Sep/2026 23:01:10] "GET /api/v1/auth/lecturer/profile/ HTTP/1.1" 200 20932
[17/Sep/2026 23:04:54] "GET /api/v1/auth/profile/ HTTP/1.1" 200 271
[17/Sep/2026 23:04:55] "GET /api/v1/auth/lecturer/profile/ HTTP/1.1" 200 20932
[17/Sep/2026 23:05:11] "GET /api/v1/auth/profile/ HTTP/1.1" 200 271
[17/Sep/2026 23:05:11] "GET /api/v1/auth/lecturer/profile/ HTTP/1.1" 200 20932
[17/Sep/2026 23:08:39] "GET /api/v1/auth/profile/ HTTP/1.1" 200 271
[17/Sep/2026 23:08:40] "GET /api/v1/auth/lecturer/profile/ HTTP/1.1" 200 20932
Unauthorized: /api/v1/auth/profile/
[17/Sep/2026 23:16:30] "GET /api/v1/auth/profile/ HTTP/1.1" 401 172
[17/Sep/2026 23:16:30] "OPTIONS /api/v1/auth/token/refresh/ HTTP/1.1" 200 0
[17/Sep/2026 23:16:30] "POST /api/v1/auth/token/refresh/ HTTP/1.1" 200 582
[17/Sep/2026 23:16:30] "GET /api/v1/auth/profile/ HTTP/1.1" 200 271
[17/Sep/2026 23:16:31] "GET /api/v1/auth/lecturer/profile/ HTTP/1.1" 200 20932
Not Found: /api/v1/
[17/Sep/2026 23:16:57] "GET /api/v1/ HTTP/1.1" 404 4106
[17/Sep/2026 23:19:21] "GET /api/v1/auth/profile/ HTTP/1.1" 200 271
[17/Sep/2026 23:19:21] "GET /api/v1/auth/lecturer/profile/ HTTP/1.1" 200 20932
[17/Sep/2026 23:31:43] "GET /api/v1/auth/profile/ HTTP/1.1" 200 271
[17/Sep/2026 23:31:44] "GET /api/v1/auth/lecturer/profile/ HTTP/1.1" 200 20932
[17/Sep/2026 23:31:47] "GET /api/v1/auth/profile/ HTTP/1.1" 200 271
[17/Sep/2026 23:31:48] "GET /api/v1/auth/lecturer/profile/ HTTP/1.1" 200 20932
[17/Sep/2026 23:42:39] "GET /api/v1/auth/profile/ HTTP/1.1" 200 271
[17/Sep/2026 23:42:40] "GET /api/v1/auth/lecturer/profile/ HTTP/1.1" 200 20932
